// Jest Snapshot v1, https://goo.gl/fbAQLP

exports[`ReservationsCard should match the snapshot 1`] = `
<article>
  <h2 />
  <p />
  <p />
  <p>
    Number of Guests: 
  </p>
  <button
    onClick={[Function]}
  >
    cancel
  </button>
</article>
`;
